// Jest Snapshot v1, https://goo.gl/fbAQLP

exports[`Character Item Should render correctly 1`] = `
ShallowWrapper {
  "length": 1,
  Symbol(enzyme.__root__): [Circular],
  Symbol(enzyme.__unrendered__): <CharacterItem
    name="Spiderman"
    resourceURI="/marvel.com/1234"
  />,
  Symbol(enzyme.__renderer__): Object {
    "batchedUpdates": [Function],
    "getNode": [Function],
    "render": [Function],
    "simulateEvent": [Function],
    "unmount": [Function],
  },
  Symbol(enzyme.__node__): Object {
    "instance": null,
    "key": undefined,
    "nodeType": "host",
    "props": Object {
      "children": <div
        className="level-left"
      >
        <div
          className="level-item center-mobile"
        >
          Spiderman
        </div>
        <small
          className="level-item"
        >
          <Link
            replace={false}
            to="/characters/1234"
          >
            Details
          </Link>
        </small>
      </div>,
      "className": "level",
    },
    "ref": null,
    "rendered": Object {
      "instance": null,
      "key": undefined,
      "nodeType": "host",
      "props": Object {
        "children": Array [
          <div
            className="level-item center-mobile"
          >
            Spiderman
          </div>,
          <small
            className="level-item"
          >
            <Link
              replace={false}
              to="/characters/1234"
            >
              Details
            </Link>
          </small>,
        ],
        "className": "level-left",
      },
      "ref": null,
      "rendered": Array [
        Object {
          "instance": null,
          "key": undefined,
          "nodeType": "host",
          "props": Object {
            "children": "Spiderman",
            "className": "level-item center-mobile",
          },
          "ref": null,
          "rendered": "Spiderman",
          "type": "div",
        },
        Object {
          "instance": null,
          "key": undefined,
          "nodeType": "host",
          "props": Object {
            "children": <Link
              replace={false}
              to="/characters/1234"
            >
              Details
            </Link>,
            "className": "level-item",
          },
          "ref": null,
          "rendered": Object {
            "instance": null,
            "key": undefined,
            "nodeType": "class",
            "props": Object {
              "children": "Details",
              "replace": false,
              "to": "/characters/1234",
            },
            "ref": null,
            "rendered": "Details",
            "type": [Function],
          },
          "type": "small",
        },
      ],
      "type": "div",
    },
    "type": "div",
  },
  Symbol(enzyme.__nodes__): Array [
    Object {
      "instance": null,
      "key": undefined,
      "nodeType": "host",
      "props": Object {
        "children": <div
          className="level-left"
        >
          <div
            className="level-item center-mobile"
          >
            Spiderman
          </div>
          <small
            className="level-item"
          >
            <Link
              replace={false}
              to="/characters/1234"
            >
              Details
            </Link>
          </small>
        </div>,
        "className": "level",
      },
      "ref": null,
      "rendered": Object {
        "instance": null,
        "key": undefined,
        "nodeType": "host",
        "props": Object {
          "children": Array [
            <div
              className="level-item center-mobile"
            >
              Spiderman
            </div>,
            <small
              className="level-item"
            >
              <Link
                replace={false}
                to="/characters/1234"
              >
                Details
              </Link>
            </small>,
          ],
          "className": "level-left",
        },
        "ref": null,
        "rendered": Array [
          Object {
            "instance": null,
            "key": undefined,
            "nodeType": "host",
            "props": Object {
              "children": "Spiderman",
              "className": "level-item center-mobile",
            },
            "ref": null,
            "rendered": "Spiderman",
            "type": "div",
          },
          Object {
            "instance": null,
            "key": undefined,
            "nodeType": "host",
            "props": Object {
              "children": <Link
                replace={false}
                to="/characters/1234"
              >
                Details
              </Link>,
              "className": "level-item",
            },
            "ref": null,
            "rendered": Object {
              "instance": null,
              "key": undefined,
              "nodeType": "class",
              "props": Object {
                "children": "Details",
                "replace": false,
                "to": "/characters/1234",
              },
              "ref": null,
              "rendered": "Details",
              "type": [Function],
            },
            "type": "small",
          },
        ],
        "type": "div",
      },
      "type": "div",
    },
  ],
  Symbol(enzyme.__options__): Object {
    "adapter": ReactSixteenAdapter {
      "options": Object {
        "enableComponentDidUpdateOnSetState": true,
      },
    },
  },
}
`;
