// Jest Snapshot v1, https://goo.gl/fbAQLP

exports[`Detail List Wrapper Should render correctly 1`] = `
ShallowWrapper {
  "length": 1,
  Symbol(enzyme.__root__): [Circular],
  Symbol(enzyme.__unrendered__): <DetailListWrapper
    heading="Spiderman"
  >
    <div>
      Hello world!
    </div>
  </DetailListWrapper>,
  Symbol(enzyme.__renderer__): Object {
    "batchedUpdates": [Function],
    "getNode": [Function],
    "render": [Function],
    "simulateEvent": [Function],
    "unmount": [Function],
  },
  Symbol(enzyme.__node__): Object {
    "instance": null,
    "key": undefined,
    "nodeType": "host",
    "props": Object {
      "children": <div
        className="media-content"
      >
        <div
          className="content"
        >
          <div>
            <strong>
              Spiderman
            </strong>
            <br />
            <div>
              Hello world!
            </div>
          </div>
        </div>
      </div>,
      "className": "media",
    },
    "ref": null,
    "rendered": Object {
      "instance": null,
      "key": undefined,
      "nodeType": "host",
      "props": Object {
        "children": <div
          className="content"
        >
          <div>
            <strong>
              Spiderman
            </strong>
            <br />
            <div>
              Hello world!
            </div>
          </div>
        </div>,
        "className": "media-content",
      },
      "ref": null,
      "rendered": Object {
        "instance": null,
        "key": undefined,
        "nodeType": "host",
        "props": Object {
          "children": <div>
            <strong>
              Spiderman
            </strong>
            <br />
            <div>
              Hello world!
            </div>
          </div>,
          "className": "content",
        },
        "ref": null,
        "rendered": Object {
          "instance": null,
          "key": undefined,
          "nodeType": "host",
          "props": Object {
            "children": Array [
              <strong>
                Spiderman
              </strong>,
              <br />,
              <div>
                Hello world!
              </div>,
            ],
          },
          "ref": null,
          "rendered": Array [
            Object {
              "instance": null,
              "key": undefined,
              "nodeType": "host",
              "props": Object {
                "children": "Spiderman",
              },
              "ref": null,
              "rendered": "Spiderman",
              "type": "strong",
            },
            Object {
              "instance": null,
              "key": undefined,
              "nodeType": "host",
              "props": Object {},
              "ref": null,
              "rendered": null,
              "type": "br",
            },
            Object {
              "instance": null,
              "key": undefined,
              "nodeType": "host",
              "props": Object {
                "children": "Hello world!",
              },
              "ref": null,
              "rendered": "Hello world!",
              "type": "div",
            },
          ],
          "type": "div",
        },
        "type": "div",
      },
      "type": "div",
    },
    "type": "article",
  },
  Symbol(enzyme.__nodes__): Array [
    Object {
      "instance": null,
      "key": undefined,
      "nodeType": "host",
      "props": Object {
        "children": <div
          className="media-content"
        >
          <div
            className="content"
          >
            <div>
              <strong>
                Spiderman
              </strong>
              <br />
              <div>
                Hello world!
              </div>
            </div>
          </div>
        </div>,
        "className": "media",
      },
      "ref": null,
      "rendered": Object {
        "instance": null,
        "key": undefined,
        "nodeType": "host",
        "props": Object {
          "children": <div
            className="content"
          >
            <div>
              <strong>
                Spiderman
              </strong>
              <br />
              <div>
                Hello world!
              </div>
            </div>
          </div>,
          "className": "media-content",
        },
        "ref": null,
        "rendered": Object {
          "instance": null,
          "key": undefined,
          "nodeType": "host",
          "props": Object {
            "children": <div>
              <strong>
                Spiderman
              </strong>
              <br />
              <div>
                Hello world!
              </div>
            </div>,
            "className": "content",
          },
          "ref": null,
          "rendered": Object {
            "instance": null,
            "key": undefined,
            "nodeType": "host",
            "props": Object {
              "children": Array [
                <strong>
                  Spiderman
                </strong>,
                <br />,
                <div>
                  Hello world!
                </div>,
              ],
            },
            "ref": null,
            "rendered": Array [
              Object {
                "instance": null,
                "key": undefined,
                "nodeType": "host",
                "props": Object {
                  "children": "Spiderman",
                },
                "ref": null,
                "rendered": "Spiderman",
                "type": "strong",
              },
              Object {
                "instance": null,
                "key": undefined,
                "nodeType": "host",
                "props": Object {},
                "ref": null,
                "rendered": null,
                "type": "br",
              },
              Object {
                "instance": null,
                "key": undefined,
                "nodeType": "host",
                "props": Object {
                  "children": "Hello world!",
                },
                "ref": null,
                "rendered": "Hello world!",
                "type": "div",
              },
            ],
            "type": "div",
          },
          "type": "div",
        },
        "type": "div",
      },
      "type": "article",
    },
  ],
  Symbol(enzyme.__options__): Object {
    "adapter": ReactSixteenAdapter {
      "options": Object {
        "enableComponentDidUpdateOnSetState": true,
      },
    },
  },
}
`;
